     1                                  ;hello.asm
     2                                  section .data
     3 00000000 68656C6C6F2C20776F-     	msg	db	"hello, world",0
     4 00000009 726C6400           
     5                                  section .bss
     6                                  section .text
     7                                  	global	main
     8                                  main:
     9 00000000 B801000000              	mov	rax,	1	; 1 = write
    10 00000005 BF01000000              	mov	rdi,	1	; 1 = to stdout
    11 0000000A 48BE-                   	mov	rsi,	msg	; string to display in rsi
    12 0000000C [0000000000000000] 
    13 00000014 BA0C000000              	mov	rdx,	12	; length of the string, withou 0
    14 00000019 0F05                    	syscall			; display the string
    15 0000001B B83C000000              	mov	rax,	60	; 60 = exit
    16 00000020 BF00000000              	mov	rdi,	0	; 0 = success exit code
    17 00000025 0F05                    	syscall			; quit
